> Task :app:checkKotlinGradlePluginConfigurationErrors
> Task :app:preBuild UP-TO-DATE
> Task :app:preDebugBuild UP-TO-DATE
> Task :app:generateDebugBuildConfig UP-TO-DATE
> Task :app:checkDebugAarMetadata UP-TO-DATE
> Task :app:generateDebugResValues UP-TO-DATE
> Task :app:mapDebugSourceSetPaths UP-TO-DATE
> Task :app:generateDebugResources UP-TO-DATE
> Task :app:mergeDebugResources UP-TO-DATE
> Task :app:packageDebugResources UP-TO-DATE
> Task :app:parseDebugLocalResources UP-TO-DATE
> Task :app:createDebugCompatibleScreenManifests UP-TO-DATE
> Task :app:extractDeepLinksDebug UP-TO-DATE
> Task :app:processDebugMainManifest UP-TO-DATE
> Task :app:processDebugManifest UP-TO-DATE
> Task :app:processDebugManifestForPackage UP-TO-DATE
> Task :app:processDebugResources UP-TO-DATE

> Task :app:compileDebugKotlin
gradlew : e: file:///C:/Use
rs/omare/Music/Persona-Comp
anion-App/persona-companion
-app/app/src/main/java/com/
persona/companion/ui/screen
s/ItemListScreen.kt:106:49 
Unresolved reference: 
background
At line:1 char:1
+ gradlew 
:app:compileDebugKotlin > 
build_errors.txt 2>&1
+ ~~~~~~~~~~~~~~~~~~~~~~~~~
~~~~~~~~~~~~~~~~~~~~~~~~~~~
~~~
    + CategoryInfo         
     : NotSpecified: (e:   
  file:///C:/U...nce: ba   
 ckground:String) [], R    
emoteException
    + FullyQualifiedErrorI 
   d : NativeCommandError
 
e: file:///C:/Users/omare/M
usic/Persona-Companion-App/
persona-companion-app/app/s
rc/main/java/com/persona/co
mpanion/ui/screens/SkillLis
tScreen.kt:113:49 
Unresolved reference: 
background

> Task :app:compileDebugKotlin FAILED

FAILURE: Build failed with 
an exception.

* What went wrong:
Execution failed for task 
':app:compileDebugKotlin'.
> A failure occurred while 
executing org.jetbrains.kot
lin.compilerRunner.GradleCo
mpilerRunnerWithWorkers$Gra
dleKotlinCompilerWorkAction
   > Compilation error. 
See log for more details

* Try:
> Run with --stacktrace 
option to get the stack 
trace.
> Run with --info or 
--debug option to get more 
log output.
> Run with --scan to get 
full insights.
> Get more help at 
https://help.gradle.org.

BUILD FAILED in 3s
15 actionable tasks: 2 executed, 13 up-to-date
