> Task :app:checkKotlinGradlePluginConfigurationErrors
> Task :app:preBuild UP-TO-DATE
> Task :app:preDebugBuild UP-TO-DATE
> Task :app:generateDebugBuildConfig UP-TO-DATE
> Task :app:checkDebugAarMetadata UP-TO-DATE
> Task :app:generateDebugResValues UP-TO-DATE
> Task :app:mapDebugSourceSetPaths UP-TO-DATE
> Task :app:generateDebugResources UP-TO-DATE
> Task :app:mergeDebugResources UP-TO-DATE
> Task :app:packageDebugResources UP-TO-DATE
> Task :app:parseDebugLocalResources UP-TO-DATE
> Task :app:createDebugCompatibleScreenManifests UP-TO-DATE
> Task :app:extractDeepLinksDebug UP-TO-DATE
> Task :app:processDebugMainManifest UP-TO-DATE
> Task :app:processDebugManifest UP-TO-DATE
> Task :app:processDebugManifestForPackage UP-TO-DATE
> Task :app:processDebugResources UP-TO-DATE
> Task :app:kaptGenerateStubsDebugKotlin UP-TO-DATE
> Task :app:kaptDebugKotlin UP-TO-DATE

> Task :app:compileDebugKotlin
./gradlew : e: file:///C:/U
sers/omare/Music/Persona-Co
mpanion-App/persona-compani
on-app/app/src/main/java/co
m/persona/companion/ui/scre
ens/ItemListScreen.kt:276:4
5 Only safe (?.) or 
non-null asserted (!!.) 
calls are allowed on a 
nullable receiver of type 
String?
At line:1 char:1
+ ./gradlew 
:app:compileDebugKotlin > 
build_output.txt 2>&1
+ ~~~~~~~~~~~~~~~~~~~~~~~~~
~~~~~~~~~~~~~~~~~~~~~~~~~~~
~~~~~
    + CategoryInfo         
     : NotSpecified: (e:   
  file:///C:/U...of type   
  String?:String) [], R    
emoteException
    + FullyQualifiedErrorI 
   d : NativeCommandError
 
e: file:///C:/Users/omare/M
usic/Persona-Companion-App/
persona-companion-app/app/s
rc/main/java/com/persona/co
mpanion/ui/screens/ItemList
Screen.kt:390:41 Only safe 
(?.) or non-null asserted 
(!!.) calls are allowed on 
a nullable receiver of 
type String?
e: file:///C:/Users/omare/M
usic/Persona-Companion-App/
persona-companion-app/app/s
rc/main/java/com/persona/co
mpanion/ui/screens/ItemList
Screen.kt:394:36 Type 
mismatch: inferred type is 
String? but String was 
expected

> Task :app:compileDebugKotlin FAILED

FAILURE: Build failed with 
an exception.

* What went wrong:
Execution failed for task 
':app:compileDebugKotlin'.
> A failure occurred while 
executing org.jetbrains.kot
lin.compilerRunner.GradleCo
mpilerRunnerWithWorkers$Gra
dleKotlinCompilerWorkAction
   > Compilation error. 
See log for more details

* Try:
> Run with --stacktrace 
option to get the stack 
trace.
> Run with --info or 
--debug option to get more 
log output.
> Run with --scan to get 
full insights.
> Get more help at 
https://help.gradle.org.

BUILD FAILED in 4s
17 actionable tasks: 2 executed, 15 up-to-date
